At C:\Users\heyde\Desktop\end_project\readyroad\test-complete.ps1:176 char:74
+ ... TEST REPORT                                ƒ`" -ForegroundColor Cyan
+                                                  ~~~~~~~~~~~~~~~~~~~~~~~~
The string is missing the terminator: '.
    + CategoryInfo          : ParserError: (:) [], ParentContainsErrorRecordException
    + FullyQualifiedErrorId : TerminatorExpectedAtEndOfString
 
